[    3535ms] [INFO] %cDownload the React DevTools for a better development experience: https://react.dev/link/react-devtools font-weight:bold @ http://localhost:3105/_next/static/chunks/node_modules_next_dist_1ybzpk2._.js:2477
[    3604ms] [LOG] [HMR] connected @ http://localhost:3105/_next/static/chunks/node_modules_next_dist_1ybzpk2._.js:2477
[   55423ms] [INFO] %cDownload the React DevTools for a better development experience: https://react.dev/link/react-devtools font-weight:bold @ http://localhost:3105/_next/static/chunks/node_modules_next_dist_1ybzpk2._.js:2477
[   55440ms] [LOG] [HMR] connected @ http://localhost:3105/_next/static/chunks/node_modules_next_dist_1ybzpk2._.js:2477
[  141068ms] [LOG] [Fast Refresh] rebuilding @ http://localhost:3105/_next/static/chunks/node_modules_next_dist_1ybzpk2._.js:2477
[  141110ms] [LOG] [Fast Refresh] done in 144ms @ http://localhost:3105/_next/static/chunks/node_modules_next_dist_1ybzpk2._.js:2477
[  146411ms] [LOG] [Fast Refresh] rebuilding @ http://localhost:3105/_next/static/chunks/node_modules_next_dist_1ybzpk2._.js:2477
[  146462ms] [LOG] [Fast Refresh] done in 74ms @ http://localhost:3105/_next/static/chunks/node_modules_next_dist_1ybzpk2._.js:2477
[  156078ms] [LOG] [Fast Refresh] rebuilding @ http://localhost:3105/_next/static/chunks/node_modules_next_dist_1ybzpk2._.js:2477
[  156918ms] [LOG] [Fast Refresh] done in 941ms @ http://localhost:3105/_next/static/chunks/node_modules_next_dist_1ybzpk2._.js:2477
[  229080ms] [LOG] [Fast Refresh] rebuilding @ http://localhost:3105/_next/static/chunks/node_modules_next_dist_1ybzpk2._.js:2477
[  229101ms] [LOG] [Fast Refresh] done in 107ms @ http://localhost:3105/_next/static/chunks/node_modules_next_dist_1ybzpk2._.js:2477
[  242081ms] [ERROR] Failed to load resource: the server responded with a status of 500 (Internal Server Error) @ http://localhost:3105/api/chat:0
[  276669ms] [LOG] [Fast Refresh] rebuilding @ http://localhost:3105/_next/static/chunks/node_modules_next_dist_1ybzpk2._.js:2477
[  276775ms] [LOG] [Fast Refresh] done in 213ms @ http://localhost:3105/_next/static/chunks/node_modules_next_dist_1ybzpk2._.js:2477
[  335573ms] [LOG] [Fast Refresh] rebuilding @ http://localhost:3105/_next/static/chunks/node_modules_next_dist_1ybzpk2._.js:2477
[  335611ms] [LOG] [Fast Refresh] done in 112ms @ http://localhost:3105/_next/static/chunks/node_modules_next_dist_1ybzpk2._.js:2477
[  342554ms] [LOG] [Fast Refresh] rebuilding @ http://localhost:3105/_next/static/chunks/node_modules_next_dist_1ybzpk2._.js:2477
[  342576ms] [LOG] [Fast Refresh] done in 54ms @ http://localhost:3105/_next/static/chunks/node_modules_next_dist_1ybzpk2._.js:2477
[  421984ms] [LOG] [Fast Refresh] rebuilding @ http://localhost:3105/_next/static/chunks/node_modules_next_dist_1ybzpk2._.js:2477
[  422058ms] [LOG] [Fast Refresh] done in 57ms @ http://localhost:3105/_next/static/chunks/node_modules_next_dist_1ybzpk2._.js:2477
